// Jest Snapshot v1, https://goo.gl/fbAQLP

exports[`DonationsCard renders correctly 1`] = `
<styled.div>
  <styled.div>
    <p>
      Recent Donations
    </p>
  </styled.div>
  <styled.div>
    <styled.div
      key="Thu Jan 01 1970 01:00:02 GMT+0100 (Greenwich Mean Time)"
    >
      <Styled(styled.div)>
        Thursday, January 1st, 1970
      </Styled(styled.div)>
      <Styled(styled.div)>
        <div>
          ralph
           donated 
          <span>
            £
            55
          </span>
        </div>
      </Styled(styled.div)>
      <Styled(styled.div)>
        <p>
           - "
          Our deepest condolences
          "
        </p>
      </Styled(styled.div)>
    </styled.div>
    <styled.div
      key="Thu Jan 01 1970 01:00:02 GMT+0100 (Greenwich Mean Time)"
    >
      <Styled(styled.div)>
        Thursday, January 1st, 1970
      </Styled(styled.div)>
      <Styled(styled.div)>
        <div>
          ralph
           donated 
          <span>
            £
            55
          </span>
        </div>
      </Styled(styled.div)>
      <Styled(styled.div)>
        <p>
           - "
          Our deepest condolences
          "
        </p>
      </Styled(styled.div)>
    </styled.div>
    <styled.div
      key="Thu Jan 01 1970 01:00:02 GMT+0100 (Greenwich Mean Time)"
    >
      <Styled(styled.div)>
        Thursday, January 1st, 1970
      </Styled(styled.div)>
      <Styled(styled.div)>
        <div>
          ralph
           donated 
          <span>
            £
            55
          </span>
        </div>
      </Styled(styled.div)>
      <Styled(styled.div)>
        <p>
           - "
          Our deepest condolences
          "
        </p>
      </Styled(styled.div)>
    </styled.div>
    <styled.div
      key="Thu Jan 01 1970 01:00:02 GMT+0100 (Greenwich Mean Time)"
    >
      <Styled(styled.div)>
        Thursday, January 1st, 1970
      </Styled(styled.div)>
      <Styled(styled.div)>
        <div>
          ralph
           donated 
          <span>
            £
            55
          </span>
        </div>
      </Styled(styled.div)>
      <Styled(styled.div)>
        <p>
           - "
          Our deepest condolences
          "
        </p>
      </Styled(styled.div)>
    </styled.div>
  </styled.div>
</styled.div>
`;
