// Jest Snapshot v1, https://goo.gl/fbAQLP

exports[`Header renders correctly 1`] = `
ShallowWrapper {
  Symbol(enzyme.__root__): [Circular],
  Symbol(enzyme.__unrendered__): <Header />,
  Symbol(enzyme.__renderer__): Object {
    "batchedUpdates": [Function],
    "getNode": [Function],
    "render": [Function],
    "simulateError": [Function],
    "simulateEvent": [Function],
    "unmount": [Function],
  },
  Symbol(enzyme.__node__): Object {
    "instance": null,
    "key": undefined,
    "nodeType": "function",
    "props": Object {
      "children": <img
        src="https://www.jg-cdn.com/chrome/3e7a4dc9d866fda15331414a9072da97.svg"
      />,
    },
    "ref": null,
    "rendered": Object {
      "instance": null,
      "key": undefined,
      "nodeType": "host",
      "props": Object {
        "src": "https://www.jg-cdn.com/chrome/3e7a4dc9d866fda15331414a9072da97.svg",
      },
      "ref": null,
      "rendered": null,
      "type": "img",
    },
    "type": Object {
      "$$typeof": Symbol(react.forward_ref),
      "attrs": undefined,
      "componentStyle": ComponentStyle {
        "componentId": "sc-bdVaJa",
        "isStatic": true,
        "rules": Array [
          "
  width: 300px;
  height: 50px;
  display: flex;
  position: absolute;
  top: -90px;
  left: 4px;
  align-items: center;
  justify-content: center;
  > img {
    width: 245px;
  }
  ",
          "
    @media (min-width: ",
          "37.5",
          "em) {
      ",
          "
    width: 550px;
    margin-top: 0px;
    align-items: flex-start;
  ",
          ";
    }
  ",
          ";
  ",
          "
    @media (min-width: ",
          "63.875",
          "em) {
      ",
          "
    width: 1000px;
    top: -84px;
    left: 45px;
    justify-content: flex-start;
  ",
          ";
    }
  ",
          ";
  ",
          "
    @media (min-width: ",
          "89.9375",
          "em) {
      ",
          "
    left: 57px;
  ",
          ";
    }
  ",
          ";
",
        ],
      },
      "displayName": "styled.div",
      "render": [Function],
      "styledComponentId": "sc-bdVaJa",
      "target": "div",
      "warnTooManyClasses": [Function],
      "withComponent": [Function],
    },
  },
  Symbol(enzyme.__nodes__): Array [
    Object {
      "instance": null,
      "key": undefined,
      "nodeType": "function",
      "props": Object {
        "children": <img
          src="https://www.jg-cdn.com/chrome/3e7a4dc9d866fda15331414a9072da97.svg"
        />,
      },
      "ref": null,
      "rendered": Object {
        "instance": null,
        "key": undefined,
        "nodeType": "host",
        "props": Object {
          "src": "https://www.jg-cdn.com/chrome/3e7a4dc9d866fda15331414a9072da97.svg",
        },
        "ref": null,
        "rendered": null,
        "type": "img",
      },
      "type": Object {
        "$$typeof": Symbol(react.forward_ref),
        "attrs": undefined,
        "componentStyle": ComponentStyle {
          "componentId": "sc-bdVaJa",
          "isStatic": true,
          "rules": Array [
            "
  width: 300px;
  height: 50px;
  display: flex;
  position: absolute;
  top: -90px;
  left: 4px;
  align-items: center;
  justify-content: center;
  > img {
    width: 245px;
  }
  ",
            "
    @media (min-width: ",
            "37.5",
            "em) {
      ",
            "
    width: 550px;
    margin-top: 0px;
    align-items: flex-start;
  ",
            ";
    }
  ",
            ";
  ",
            "
    @media (min-width: ",
            "63.875",
            "em) {
      ",
            "
    width: 1000px;
    top: -84px;
    left: 45px;
    justify-content: flex-start;
  ",
            ";
    }
  ",
            ";
  ",
            "
    @media (min-width: ",
            "89.9375",
            "em) {
      ",
            "
    left: 57px;
  ",
            ";
    }
  ",
            ";
",
          ],
        },
        "displayName": "styled.div",
        "render": [Function],
        "styledComponentId": "sc-bdVaJa",
        "target": "div",
        "warnTooManyClasses": [Function],
        "withComponent": [Function],
      },
    },
  ],
  Symbol(enzyme.__options__): Object {
    "adapter": ReactSixteenAdapter {
      "options": Object {
        "enableComponentDidUpdateOnSetState": true,
        "lifecycles": Object {
          "componentDidUpdate": Object {
            "onSetState": true,
          },
          "getDerivedStateFromProps": true,
          "getSnapshotBeforeUpdate": true,
          "setState": Object {
            "skipsComponentDidUpdateOnNullish": true,
          },
        },
      },
    },
  },
}
`;
